This is pdfTeX, Version 3.141592653-2.6-1.40.26 (TeX Live 2024/Homebrew) (preloaded format=pdflatex 2024.10.6)  1 AUG 2026 19:03
entering extended mode
 restricted \write18 enabled.
 file:line:error style messages enabled.
 %&-line parsing enabled.
**"/Users/stanley/Desktop/2026 IICC/IICC/final_document/poster.tex"
(/Users/stanley/Desktop/2026 IICC/IICC/final_document/poster.tex
LaTeX2e <2023-11-01> patch level 1
L3 programming layer <2024-02-20>
)
! Emergency stop.
<*> ...p/2026 IICC/IICC/final_document/poster.tex"
                                                  
*** (job aborted, no legal \end found)

 
Here is how much of TeX's memory you used:
 17 strings out of 474116
 547 string characters out of 5732613
 1925187 words of memory out of 5000000
 22476 multiletter control sequences out of 15000+600000
 558069 words of font info for 36 fonts, out of 8000000 for 9000
 1141 hyphenation exceptions out of 8191
 12i,0n,13p,148b,8s stack positions out of 10000i,1000n,20000p,200000b,200000s
!  ==> Fatal error occurred, no output PDF file produced!
